<html>
<body>
<pre>
<h1>礦ision Build Log</h1>
<h2>Tool Versions:</h2>
IDE-Version: μVision V5.21.1.0
Copyright (C) 2016 ARM Ltd and ARM Germany GmbH. All rights reserved.
License Information: Hyper Hyper, Hyper, LIC=03CQD-8CCR2-UFDI2-91QQ1-ZAPNC-QJDJR
 
Tool Versions:
Toolchain:       MDK-ARM Plus  Version: 5.21a
Toolchain Path:  E:\SoftHardWare\Keil-MDK511\ARM\ARMCC\Bin
C Compiler:      Armcc.exe V5.06 update 3 (build 300)
Assembler:       Armasm.exe V5.06 update 3 (build 300)
Linker/Locator:  ArmLink.exe V5.06 update 3 (build 300)
Library Manager: ArmAr.exe V5.06 update 3 (build 300)
Hex Converter:   FromElf.exe V5.06 update 3 (build 300)
CPU DLL:         SARMCM3.DLL V5.21a
Dialog DLL:      DCM.DLL V1.13.8.0
Target DLL:      UL2CM3.DLL V1.158.5.0
Dialog DLL:      TCM.DLL V1.14.14.0
 
<h2>Project:</h2>
E:\课程设计\单片机课设\线性ccd调试+编码器测速\2018.5.5\USER\MiniBalance.uvprojx
Project File Date:  05/06/2018

<h2>Output:</h2>
*** Using Compiler 'V5.06 update 3 (build 300)', folder: 'E:\SoftHardWare\Keil-MDK511\ARM\ARMCC\Bin'
Build target 'MiniBalance'
compiling MiniBalance.c...
linking...
Program Size: Code=12940 RO-data=268 RW-data=72 ZI-data=2144  
FromELF: creating hex file...
"..\OBJ\MiniBalance.axf" - 0 Error(s), 0 Warning(s).

<h2>Collection of Component include folders:</h2>
  E:\课程设计\单片机课设\线性ccd调试+编码器测速\2018.5.5\USER\RTE
  E:\SoftHardWare\Keil-MDK511\ARM\PACK\Keil\STM32F1xx_DFP\2.1.0\Device\Include

<h2>Collection of Component Files used:</h2>
Build Time Elapsed:  00:00:01
</pre>
</body>
</html>
